// Jest Snapshot v1, https://goo.gl/fbAQLP

exports[`renders 1`] = `
<DocumentFragment>
  <div>
    <header
      class="header"
    >
      <img
        class="header--image"
        src="troll-face.png"
      />
      <h2
        class="header--title"
      >
        Meme Generator
      </h2>
      <h4
        class="header--project"
      >
        React Course - Project 3
      </h4>
    </header>
    <main>
      <div
        class="form"
        data-testid="form"
      >
        <input
          class="form--input"
          name="topText"
          placeholder="Top text"
          type="text"
          value="One does not simply"
        />
        <input
          class="form--input"
          name="bottomText"
          placeholder="Bottom text"
          type="text"
          value="One does not simply"
        />
        <button
          class="form--button"
          data-testid="meme-button"
        >
          Get a new meme image ðŸ–¼
        </button>
      </div>
      <div
        class="meme"
      >
        <img
          class="meme--image"
          data-testid="meme--image"
          src="http://i.imgflip.com/1bij.jpg"
        />
        <h2
          class="meme--text top"
        >
          One does not simply
        </h2>
        <h2
          class="meme--text bottom"
        >
          Walk into Mordor
        </h2>
      </div>
    </main>
  </div>
</DocumentFragment>
`;
